
> celronhub@0.0.0 build
> vite build

[36mvite v7.3.1 [32mbuilding client environment for production...[36m[39m
transforming...
[32mΓ£ô[39m 1788 modules transformed.
node.exe : 
[31mΓ£ù[39m Build 
failed in 17.20s
At C:\Program Files\no
dejs\npm.ps1:29 char:3
+   & $NODE_EXE 
$NPM_CLI_JS $args
+   ~~~~~~~~~~~~~~~~~~
~~~~~~~~~~~
    + CategoryInfo    
          : NotSpeci  
  fied: ([31mΓ£ù[   
 39m Build failed     
in 17.20s:String)     
[], RemoteExcept    
ion
    + FullyQualifiedE 
   rrorId : NativeCo  
  mmandError
 
[31merror during 
build:
[31m[vite:esbuild] 
Transform failed with 
1 error:
C:/GoogleGravityDemo/C
elronHub/src/pages/too
ls/Converter.jsx:1069:
10: ERROR: 
Unterminated regular 
expression[31m
file: [36mC:/GoogleGr
avityDemo/CelronHub/sr
c/pages/tools/Converte
r.jsx:1069:10[31m
[33m
[33mUnterminated 
regular 
expression[33m
1067 |              
`}</style>
1068 |          </div>
1069 |      </div>
     |            ^
1070 |  </div>
1071 |      );
[31m
    at 
failureErrorWithLog (C
:\GoogleGravityDemo\Ce
lronHub\node_modules\e
sbuild\lib\main.js:146
7:15)
    at C:\GoogleGravit
yDemo\CelronHub\node_m
odules\esbuild\lib\mai
n.js:736:50
    at responseCallbac
ks.<computed> (C:\Goog
leGravityDemo\CelronHu
b\node_modules\esbuild
\lib\main.js:603:9)
    at 
handleIncomingPacket (
C:\GoogleGravityDemo\C
elronHub\node_modules\
esbuild\lib\main.js:65
8:12)
    at 
Socket.readFromStdout 
(C:\GoogleGravityDemo\
CelronHub\node_modules
\esbuild\lib\main.js:5
81:7)
    at Socket.emit 
(node:events:518:28)
    at addChunk (node:
internal/streams/reada
ble:561:12)
    at readableAddChun
kPushByteMode (node:in
ternal/streams/readabl
e:512:3)
    at Readable.push (
node:internal/streams/
readable:392:5)
    at 
Pipe.onStreamRead (nod
e:internal/stream_base
_commons:189:23)[39m
